<?xml version="1.0" encoding="ISO-8859-1" ?>
<link_info>
   <banner>TI ARM Linker Unix v18.1.2.LTS</banner>
   <copyright>Copyright (c) 1996-2017 Texas Instruments Incorporated</copyright>
   <link_time>0x5b97b7a5</link_time>
   <link_errors>0x0</link_errors>
   <output_file>MaqEstados.out</output_file>
   <entry_point>
      <name>_c_int00_noargs</name>
      <address>0x22e5</address>
   </entry_point>
   <input_file_list>
      <input_file id="fl-2">
         <path>./</path>
         <kind>object</kind>
         <file>main.obj</file>
         <name>main.obj</name>
      </input_file>
      <input_file id="fl-3">
         <path>./</path>
         <kind>object</kind>
         <file>tm4c1294ncpdt_startup_ccs.obj</file>
         <name>tm4c1294ncpdt_startup_ccs.obj</name>
      </input_file>
      <input_file id="fl-4">
         <path>./driverlib/</path>
         <kind>object</kind>
         <file>adc.obj</file>
         <name>adc.obj</name>
      </input_file>
      <input_file id="fl-5">
         <path>./driverlib/</path>
         <kind>object</kind>
         <file>aes.obj</file>
         <name>aes.obj</name>
      </input_file>
      <input_file id="fl-6">
         <path>./driverlib/</path>
         <kind>object</kind>
         <file>can.obj</file>
         <name>can.obj</name>
      </input_file>
      <input_file id="fl-7">
         <path>./driverlib/</path>
         <kind>object</kind>
         <file>comp.obj</file>
         <name>comp.obj</name>
      </input_file>
      <input_file id="fl-8">
         <path>./driverlib/</path>
         <kind>object</kind>
         <file>cpu.obj</file>
         <name>cpu.obj</name>
      </input_file>
      <input_file id="fl-9">
         <path>./driverlib/</path>
         <kind>object</kind>
         <file>crc.obj</file>
         <name>crc.obj</name>
      </input_file>
      <input_file id="fl-a">
         <path>./driverlib/</path>
         <kind>object</kind>
         <file>des.obj</file>
         <name>des.obj</name>
      </input_file>
      <input_file id="fl-b">
         <path>./driverlib/</path>
         <kind>object</kind>
         <file>eeprom.obj</file>
         <name>eeprom.obj</name>
      </input_file>
      <input_file id="fl-c">
         <path>./driverlib/</path>
         <kind>object</kind>
         <file>emac.obj</file>
         <name>emac.obj</name>
      </input_file>
      <input_file id="fl-d">
         <path>./driverlib/</path>
         <kind>object</kind>
         <file>epi.obj</file>
         <name>epi.obj</name>
      </input_file>
      <input_file id="fl-e">
         <path>./driverlib/</path>
         <kind>object</kind>
         <file>epi_workaround_ccs.obj</file>
         <name>epi_workaround_ccs.obj</name>
      </input_file>
      <input_file id="fl-f">
         <path>./driverlib/</path>
         <kind>object</kind>
         <file>flash.obj</file>
         <name>flash.obj</name>
      </input_file>
      <input_file id="fl-10">
         <path>./driverlib/</path>
         <kind>object</kind>
         <file>fpu.obj</file>
         <name>fpu.obj</name>
      </input_file>
      <input_file id="fl-11">
         <path>./driverlib/</path>
         <kind>object</kind>
         <file>gpio.obj</file>
         <name>gpio.obj</name>
      </input_file>
      <input_file id="fl-12">
         <path>./driverlib/</path>
         <kind>object</kind>
         <file>hibernate.obj</file>
         <name>hibernate.obj</name>
      </input_file>
      <input_file id="fl-13">
         <path>./driverlib/</path>
         <kind>object</kind>
         <file>i2c.obj</file>
         <name>i2c.obj</name>
      </input_file>
      <input_file id="fl-14">
         <path>./driverlib/</path>
         <kind>object</kind>
         <file>interrupt.obj</file>
         <name>interrupt.obj</name>
      </input_file>
      <input_file id="fl-15">
         <path>./driverlib/</path>
         <kind>object</kind>
         <file>lcd.obj</file>
         <name>lcd.obj</name>
      </input_file>
      <input_file id="fl-16">
         <path>./driverlib/</path>
         <kind>object</kind>
         <file>mpu.obj</file>
         <name>mpu.obj</name>
      </input_file>
      <input_file id="fl-17">
         <path>./driverlib/</path>
         <kind>object</kind>
         <file>onewire.obj</file>
         <name>onewire.obj</name>
      </input_file>
      <input_file id="fl-18">
         <path>./driverlib/</path>
         <kind>object</kind>
         <file>pwm.obj</file>
         <name>pwm.obj</name>
      </input_file>
      <input_file id="fl-19">
         <path>./driverlib/</path>
         <kind>object</kind>
         <file>qei.obj</file>
         <name>qei.obj</name>
      </input_file>
      <input_file id="fl-1a">
         <path>./driverlib/</path>
         <kind>object</kind>
         <file>shamd5.obj</file>
         <name>shamd5.obj</name>
      </input_file>
      <input_file id="fl-1b">
         <path>./driverlib/</path>
         <kind>object</kind>
         <file>ssi.obj</file>
         <name>ssi.obj</name>
      </input_file>
      <input_file id="fl-1c">
         <path>./driverlib/</path>
         <kind>object</kind>
         <file>sw_crc.obj</file>
         <name>sw_crc.obj</name>
      </input_file>
      <input_file id="fl-1d">
         <path>./driverlib/</path>
         <kind>object</kind>
         <file>sysctl.obj</file>
         <name>sysctl.obj</name>
      </input_file>
      <input_file id="fl-1e">
         <path>./driverlib/</path>
         <kind>object</kind>
         <file>sysexc.obj</file>
         <name>sysexc.obj</name>
      </input_file>
      <input_file id="fl-1f">
         <path>./driverlib/</path>
         <kind>object</kind>
         <file>systick.obj</file>
         <name>systick.obj</name>
      </input_file>
      <input_file id="fl-20">
         <path>./driverlib/</path>
         <kind>object</kind>
         <file>timer.obj</file>
         <name>timer.obj</name>
      </input_file>
      <input_file id="fl-21">
         <path>./driverlib/</path>
         <kind>object</kind>
         <file>uart.obj</file>
         <name>uart.obj</name>
      </input_file>
      <input_file id="fl-22">
         <path>./driverlib/</path>
         <kind>object</kind>
         <file>udma.obj</file>
         <name>udma.obj</name>
      </input_file>
      <input_file id="fl-23">
         <path>./driverlib/</path>
         <kind>object</kind>
         <file>usb.obj</file>
         <name>usb.obj</name>
      </input_file>
      <input_file id="fl-24">
         <path>./driverlib/</path>
         <kind>object</kind>
         <file>watchdog.obj</file>
         <name>watchdog.obj</name>
      </input_file>
      <input_file id="fl-2c">
         <kind>object</kind>
         <file>&lt;internal&gt;</file>
         <name>&lt;internal&gt;</name>
      </input_file>
      <input_file id="fl-e2">
         <path>/home/abelsco/ti/ccs810/ccsv8/tools/compiler/ti-cgt-arm_18.1.2.LTS/lib/</path>
         <kind>archive</kind>
         <file>rtsv7M4_T_le_v4SPD16_eabi.lib</file>
         <name>copy_zero_init.c.obj</name>
      </input_file>
      <input_file id="fl-e3">
         <path>/home/abelsco/ti/ccs810/ccsv8/tools/compiler/ti-cgt-arm_18.1.2.LTS/lib/</path>
         <kind>archive</kind>
         <file>rtsv7M4_T_le_v4SPD16_eabi.lib</file>
         <name>copy_decompress_none.c.obj</name>
      </input_file>
      <input_file id="fl-e4">
         <path>/home/abelsco/ti/ccs810/ccsv8/tools/compiler/ti-cgt-arm_18.1.2.LTS/lib/</path>
         <kind>archive</kind>
         <file>rtsv7M4_T_le_v4SPD16_eabi.lib</file>
         <name>copy_decompress_lzss.c.obj</name>
      </input_file>
      <input_file id="fl-e5">
         <path>/home/abelsco/ti/ccs810/ccsv8/tools/compiler/ti-cgt-arm_18.1.2.LTS/lib/</path>
         <kind>archive</kind>
         <file>rtsv7M4_T_le_v4SPD16_eabi.lib</file>
         <name>boot_cortex_m.c.obj</name>
      </input_file>
      <input_file id="fl-e6">
         <path>/home/abelsco/ti/ccs810/ccsv8/tools/compiler/ti-cgt-arm_18.1.2.LTS/lib/</path>
         <kind>archive</kind>
         <file>rtsv7M4_T_le_v4SPD16_eabi.lib</file>
         <name>exit.c.obj</name>
      </input_file>
      <input_file id="fl-e7">
         <path>/home/abelsco/ti/ccs810/ccsv8/tools/compiler/ti-cgt-arm_18.1.2.LTS/lib/</path>
         <kind>archive</kind>
         <file>rtsv7M4_T_le_v4SPD16_eabi.lib</file>
         <name>_lock.c.obj</name>
      </input_file>
      <input_file id="fl-e8">
         <path>/home/abelsco/ti/ccs810/ccsv8/tools/compiler/ti-cgt-arm_18.1.2.LTS/lib/</path>
         <kind>archive</kind>
         <file>rtsv7M4_T_le_v4SPD16_eabi.lib</file>
         <name>args_main.c.obj</name>
      </input_file>
      <input_file id="fl-e9">
         <path>/home/abelsco/ti/ccs810/ccsv8/tools/compiler/ti-cgt-arm_18.1.2.LTS/lib/</path>
         <kind>archive</kind>
         <file>rtsv7M4_T_le_v4SPD16_eabi.lib</file>
         <name>memset_t2.asm.obj</name>
      </input_file>
      <input_file id="fl-ea">
         <path>/home/abelsco/ti/ccs810/ccsv8/tools/compiler/ti-cgt-arm_18.1.2.LTS/lib/</path>
         <kind>archive</kind>
         <file>rtsv7M4_T_le_v4SPD16_eabi.lib</file>
         <name>memcpy_t2.asm.obj</name>
      </input_file>
      <input_file id="fl-eb">
         <path>/home/abelsco/ti/ccs810/ccsv8/tools/compiler/ti-cgt-arm_18.1.2.LTS/lib/</path>
         <kind>archive</kind>
         <file>rtsv7M4_T_le_v4SPD16_eabi.lib</file>
         <name>autoinit.c.obj</name>
      </input_file>
      <input_file id="fl-ec">
         <path>/home/abelsco/ti/ccs810/ccsv8/tools/compiler/ti-cgt-arm_18.1.2.LTS/lib/</path>
         <kind>archive</kind>
         <file>rtsv7M4_T_le_v4SPD16_eabi.lib</file>
         <name>pre_init.c.obj</name>
      </input_file>
      <input_file id="fl-ed">
         <path>/home/abelsco/ti/ccs810/ccsv8/tools/compiler/ti-cgt-arm_18.1.2.LTS/lib/</path>
         <kind>archive</kind>
         <file>rtsv7M4_T_le_v4SPD16_eabi.lib</file>
         <name>cpy_tbl.c.obj</name>
      </input_file>
   </input_file_list>
   <object_component_list>
      <object_component id="oc-f">
         <name>.intvecs</name>
         <load_address>0x0</load_address>
         <run_address>0x0</run_address>
         <size>0x208</size>
         <input_file_ref idref="fl-3"/>
      </object_component>
      <object_component id="oc-c5">
         <name>.text</name>
         <load_address>0x208</load_address>
         <run_address>0x208</run_address>
         <size>0xf80</size>
         <input_file_ref idref="fl-1d"/>
      </object_component>
      <object_component id="oc-cb">
         <name>.text</name>
         <load_address>0x1188</load_address>
         <run_address>0x1188</run_address>
         <size>0xb94</size>
         <input_file_ref idref="fl-11"/>
      </object_component>
      <object_component id="oc-116">
         <name>.text</name>
         <load_address>0x1d1c</load_address>
         <run_address>0x1d1c</run_address>
         <size>0x3c0</size>
         <input_file_ref idref="fl-14"/>
      </object_component>
      <object_component id="oc-98">
         <name>.text</name>
         <load_address>0x20dc</load_address>
         <run_address>0x20dc</run_address>
         <size>0x184</size>
         <input_file_ref idref="fl-2"/>
      </object_component>
      <object_component id="oc-df">
         <name>.text:__TI_auto_init_nobinit_nopinit:__TI_auto_init_nobinit_nopinit</name>
         <load_address>0x2260</load_address>
         <run_address>0x2260</run_address>
         <size>0x44</size>
         <input_file_ref idref="fl-eb"/>
      </object_component>
      <object_component id="oc-11c">
         <name>.text</name>
         <load_address>0x22a4</load_address>
         <run_address>0x22a4</run_address>
         <size>0x3e</size>
         <input_file_ref idref="fl-8"/>
      </object_component>
      <object_component id="oc-56">
         <name>.text:_c_int00_noargs:_c_int00_noargs</name>
         <load_address>0x22e4</load_address>
         <run_address>0x22e4</run_address>
         <size>0x38</size>
         <input_file_ref idref="fl-e5"/>
      </object_component>
      <object_component id="oc-44">
         <name>.text:decompress:ZI:__TI_zero_init_nomemset:__TI_zero_init_nomemset</name>
         <load_address>0x231c</load_address>
         <run_address>0x231c</run_address>
         <size>0x12</size>
         <input_file_ref idref="fl-e2"/>
      </object_component>
      <object_component id="oc-24">
         <name>.text</name>
         <load_address>0x232e</load_address>
         <run_address>0x232e</run_address>
         <size>0xc</size>
         <input_file_ref idref="fl-3"/>
      </object_component>
      <object_component id="oc-d1">
         <name>.text:SysCtlDelay</name>
         <load_address>0x233a</load_address>
         <run_address>0x233a</run_address>
         <size>0x6</size>
         <input_file_ref idref="fl-1d"/>
      </object_component>
      <object_component id="oc-92">
         <name>.text:_system_pre_init</name>
         <load_address>0x2340</load_address>
         <run_address>0x2340</run_address>
         <size>0x4</size>
         <input_file_ref idref="fl-ec"/>
      </object_component>
      <object_component id="oc-d3">
         <name>.text:abort:abort</name>
         <load_address>0x2344</load_address>
         <run_address>0x2344</run_address>
         <size>0x4</size>
         <input_file_ref idref="fl-e6"/>
      </object_component>
      <object_component id="oc-128">
         <name>.const:g_pppui32XTALtoVCO</name>
         <load_address>0x2348</load_address>
         <run_address>0x2348</run_address>
         <size>0x1b0</size>
         <input_file_ref idref="fl-1d"/>
      </object_component>
      <object_component id="oc-135">
         <name>.const:g_ppui32GPIOIntMapSnowflake</name>
         <load_address>0x24f8</load_address>
         <run_address>0x24f8</run_address>
         <size>0xd8</size>
         <input_file_ref idref="fl-11"/>
      </object_component>
      <object_component id="oc-132">
         <name>.const:g_ppui32GPIOIntMapBlizzard</name>
         <load_address>0x25d0</load_address>
         <run_address>0x25d0</run_address>
         <size>0xc0</size>
         <input_file_ref idref="fl-11"/>
      </object_component>
      <object_component id="oc-165">
         <name>.const:g_pui32Regs</name>
         <load_address>0x2690</load_address>
         <run_address>0x2690</run_address>
         <size>0x9c</size>
         <input_file_ref idref="fl-14"/>
      </object_component>
      <object_component id="oc-138">
         <name>.const:g_pui32GPIOBaseAddrs</name>
         <load_address>0x272c</load_address>
         <run_address>0x272c</run_address>
         <size>0x90</size>
         <input_file_ref idref="fl-11"/>
      </object_component>
      <object_component id="oc-122">
         <name>.const:g_pui32Xtals</name>
         <load_address>0x27bc</load_address>
         <run_address>0x27bc</run_address>
         <size>0x6c</size>
         <input_file_ref idref="fl-1d"/>
      </object_component>
      <object_component id="oc-113">
         <name>.const:g_sXTALtoMEMTIM</name>
         <load_address>0x2828</load_address>
         <run_address>0x2828</run_address>
         <size>0x30</size>
         <input_file_ref idref="fl-1d"/>
      </object_component>
      <object_component id="oc-162">
         <name>.const:g_pui32Priority</name>
         <load_address>0x2858</load_address>
         <run_address>0x2858</run_address>
         <size>0x20</size>
         <input_file_ref idref="fl-14"/>
      </object_component>
      <object_component id="oc-16b">
         <name>.const:g_pui32Dii16Regs</name>
         <load_address>0x2878</load_address>
         <run_address>0x2878</run_address>
         <size>0x14</size>
         <input_file_ref idref="fl-14"/>
      </object_component>
      <object_component id="oc-168">
         <name>.const:g_pui32EnRegs</name>
         <load_address>0x288c</load_address>
         <run_address>0x288c</run_address>
         <size>0x14</size>
         <input_file_ref idref="fl-14"/>
      </object_component>
      <object_component id="oc-16e">
         <name>.const:g_pui32PendRegs</name>
         <load_address>0x28a0</load_address>
         <run_address>0x28a0</run_address>
         <size>0x14</size>
         <input_file_ref idref="fl-14"/>
      </object_component>
      <object_component id="oc-171">
         <name>.const:g_pui32UnpendRegs</name>
         <load_address>0x28b4</load_address>
         <run_address>0x28b4</run_address>
         <size>0x14</size>
         <input_file_ref idref="fl-14"/>
      </object_component>
      <object_component id="oc-125">
         <name>.const:g_pui32VCOFrequencies</name>
         <load_address>0x28c8</load_address>
         <run_address>0x28c8</run_address>
         <size>0x8</size>
         <input_file_ref idref="fl-1d"/>
      </object_component>
      <object_component id="oc-1f4">
         <name>.cinit..vtable.load</name>
         <load_address>0x28d0</load_address>
         <run_address>0x28d0</run_address>
         <size>0x8</size>
      </object_component>
      <object_component id="oc-1f2">
         <name>__TI_handler_table</name>
         <load_address>0x28d8</load_address>
         <run_address>0x28d8</run_address>
         <size>0x4</size>
      </object_component>
      <object_component id="oc-1f3">
         <name>__TI_cinit_table</name>
         <load_address>0x28dc</load_address>
         <run_address>0x28dc</run_address>
         <size>0x8</size>
      </object_component>
      <object_component id="oc-15f">
         <name>.vtable</name>
         <uninitialized>true</uninitialized>
         <run_address>0x20000000</run_address>
         <size>0x26c</size>
         <input_file_ref idref="fl-14"/>
      </object_component>
      <object_component id="oc-21">
         <name>.stack</name>
         <uninitialized>true</uninitialized>
         <run_address>0x20000270</run_address>
         <size>0x4</size>
         <input_file_ref idref="fl-e5"/>
      </object_component>
      <object_component id="oc-1f5">
         <name>.stack</name>
         <uninitialized>true</uninitialized>
         <run_address>0x20000270</run_address>
         <size>0x0</size>
      </object_component>
      <object_component id="oc-b4">
         <name>.debug_info</name>
         <load_address>0x0</load_address>
         <run_address>0x0</run_address>
         <size>0x48d</size>
         <input_file_ref idref="fl-2"/>
      </object_component>
      <object_component id="oc-99">
         <name>.debug_info</name>
         <load_address>0x48d</load_address>
         <run_address>0x48d</run_address>
         <size>0x3c5</size>
         <input_file_ref idref="fl-2"/>
      </object_component>
      <object_component id="oc-6d">
         <name>.debug_info</name>
         <load_address>0x852</load_address>
         <run_address>0x852</run_address>
         <size>0x26b</size>
         <input_file_ref idref="fl-2"/>
      </object_component>
      <object_component id="oc-af">
         <name>.debug_info</name>
         <load_address>0xabd</load_address>
         <run_address>0xabd</run_address>
         <size>0x8b</size>
         <input_file_ref idref="fl-2"/>
      </object_component>
      <object_component id="oc-aa">
         <name>.debug_info</name>
         <load_address>0xb48</load_address>
         <run_address>0xb48</run_address>
         <size>0x297</size>
         <input_file_ref idref="fl-2"/>
      </object_component>
      <object_component id="oc-12c">
         <name>.debug_info</name>
         <load_address>0xddf</load_address>
         <run_address>0xddf</run_address>
         <size>0xef</size>
         <input_file_ref idref="fl-2"/>
      </object_component>
      <object_component id="oc-72">
         <name>.debug_info</name>
         <load_address>0xece</load_address>
         <run_address>0xece</run_address>
         <size>0xbb</size>
         <input_file_ref idref="fl-2"/>
      </object_component>
      <object_component id="oc-2c">
         <name>.debug_info</name>
         <load_address>0xf89</load_address>
         <run_address>0xf89</run_address>
         <size>0x2d1</size>
         <input_file_ref idref="fl-3"/>
      </object_component>
      <object_component id="oc-10">
         <name>.debug_info</name>
         <load_address>0x125a</load_address>
         <run_address>0x125a</run_address>
         <size>0x110</size>
         <input_file_ref idref="fl-3"/>
      </object_component>
      <object_component id="oc-25">
         <name>.debug_info</name>
         <load_address>0x136a</load_address>
         <run_address>0x136a</run_address>
         <size>0x28f</size>
         <input_file_ref idref="fl-3"/>
      </object_component>
      <object_component id="oc-33">
         <name>.debug_info</name>
         <load_address>0x15f9</load_address>
         <run_address>0x15f9</run_address>
         <size>0x84</size>
         <input_file_ref idref="fl-3"/>
      </object_component>
      <object_component id="oc-11d">
         <name>.debug_info</name>
         <load_address>0x167d</load_address>
         <run_address>0x167d</run_address>
         <size>0x35c</size>
         <input_file_ref idref="fl-8"/>
      </object_component>
      <object_component id="oc-13c">
         <name>.debug_info</name>
         <load_address>0x19d9</load_address>
         <run_address>0x19d9</run_address>
         <size>0x380</size>
         <input_file_ref idref="fl-11"/>
      </object_component>
      <object_component id="oc-133">
         <name>.debug_info</name>
         <load_address>0x1d59</load_address>
         <run_address>0x1d59</run_address>
         <size>0x120</size>
         <input_file_ref idref="fl-11"/>
      </object_component>
      <object_component id="oc-136">
         <name>.debug_info</name>
         <load_address>0x1e79</load_address>
         <run_address>0x1e79</run_address>
         <size>0x122</size>
         <input_file_ref idref="fl-11"/>
      </object_component>
      <object_component id="oc-139">
         <name>.debug_info</name>
         <load_address>0x1f9b</load_address>
         <run_address>0x1f9b</run_address>
         <size>0x114</size>
         <input_file_ref idref="fl-11"/>
      </object_component>
      <object_component id="oc-cc">
         <name>.debug_info</name>
         <load_address>0x20af</load_address>
         <run_address>0x20af</run_address>
         <size>0x3143</size>
         <input_file_ref idref="fl-11"/>
      </object_component>
      <object_component id="oc-175">
         <name>.debug_info</name>
         <load_address>0x51f2</load_address>
         <run_address>0x51f2</run_address>
         <size>0x35d</size>
         <input_file_ref idref="fl-14"/>
      </object_component>
      <object_component id="oc-163">
         <name>.debug_info</name>
         <load_address>0x554f</load_address>
         <run_address>0x554f</run_address>
         <size>0x10f</size>
         <input_file_ref idref="fl-14"/>
      </object_component>
      <object_component id="oc-166">
         <name>.debug_info</name>
         <load_address>0x565e</load_address>
         <run_address>0x565e</run_address>
         <size>0x107</size>
         <input_file_ref idref="fl-14"/>
      </object_component>
      <object_component id="oc-169">
         <name>.debug_info</name>
         <load_address>0x5765</load_address>
         <run_address>0x5765</run_address>
         <size>0x10b</size>
         <input_file_ref idref="fl-14"/>
      </object_component>
      <object_component id="oc-16c">
         <name>.debug_info</name>
         <load_address>0x5870</load_address>
         <run_address>0x5870</run_address>
         <size>0x111</size>
         <input_file_ref idref="fl-14"/>
      </object_component>
      <object_component id="oc-16f">
         <name>.debug_info</name>
         <load_address>0x5981</load_address>
         <run_address>0x5981</run_address>
         <size>0x10f</size>
         <input_file_ref idref="fl-14"/>
      </object_component>
      <object_component id="oc-172">
         <name>.debug_info</name>
         <load_address>0x5a90</load_address>
         <run_address>0x5a90</run_address>
         <size>0x113</size>
         <input_file_ref idref="fl-14"/>
      </object_component>
      <object_component id="oc-160">
         <name>.debug_info</name>
         <load_address>0x5ba3</load_address>
         <run_address>0x5ba3</run_address>
         <size>0x110</size>
         <input_file_ref idref="fl-14"/>
      </object_component>
      <object_component id="oc-117">
         <name>.debug_info</name>
         <load_address>0x5cb3</load_address>
         <run_address>0x5cb3</run_address>
         <size>0xd10</size>
         <input_file_ref idref="fl-14"/>
      </object_component>
      <object_component id="oc-131">
         <name>.debug_info</name>
         <load_address>0x69c3</load_address>
         <run_address>0x69c3</run_address>
         <size>0x3e2</size>
         <input_file_ref idref="fl-1d"/>
      </object_component>
      <object_component id="oc-123">
         <name>.debug_info</name>
         <load_address>0x6da5</load_address>
         <run_address>0x6da5</run_address>
         <size>0x106</size>
         <input_file_ref idref="fl-1d"/>
      </object_component>
      <object_component id="oc-129">
         <name>.debug_info</name>
         <load_address>0x6eab</load_address>
         <run_address>0x6eab</run_address>
         <size>0x112</size>
         <input_file_ref idref="fl-1d"/>
      </object_component>
      <object_component id="oc-114">
         <name>.debug_info</name>
         <load_address>0x6fbd</load_address>
         <run_address>0x6fbd</run_address>
         <size>0x10c</size>
         <input_file_ref idref="fl-1d"/>
      </object_component>
      <object_component id="oc-126">
         <name>.debug_info</name>
         <load_address>0x70c9</load_address>
         <run_address>0x70c9</run_address>
         <size>0x119</size>
         <input_file_ref idref="fl-1d"/>
      </object_component>
      <object_component id="oc-c6">
         <name>.debug_info</name>
         <load_address>0x71e2</load_address>
         <run_address>0x71e2</run_address>
         <size>0x2b56</size>
         <input_file_ref idref="fl-1d"/>
      </object_component>
      <object_component id="oc-17f">
         <name>.debug_info</name>
         <load_address>0x9d38</load_address>
         <run_address>0x9d38</run_address>
         <size>0x51</size>
         <input_file_ref idref="fl-1d"/>
      </object_component>
      <object_component id="oc-8b">
         <name>.debug_info</name>
         <load_address>0x9d89</load_address>
         <run_address>0x9d89</run_address>
         <size>0x313</size>
         <input_file_ref idref="fl-e2"/>
      </object_component>
      <object_component id="oc-46">
         <name>.debug_info</name>
         <load_address>0xa09c</load_address>
         <run_address>0xa09c</run_address>
         <size>0x1b4</size>
         <input_file_ref idref="fl-e2"/>
      </object_component>
      <object_component id="oc-86">
         <name>.debug_info</name>
         <load_address>0xa250</load_address>
         <run_address>0xa250</run_address>
         <size>0x46</size>
         <input_file_ref idref="fl-e2"/>
      </object_component>
      <object_component id="oc-bc">
         <name>.debug_info</name>
         <load_address>0xa296</load_address>
         <run_address>0xa296</run_address>
         <size>0x2c</size>
         <input_file_ref idref="fl-e2"/>
      </object_component>
      <object_component id="oc-22">
         <name>.debug_info</name>
         <load_address>0xa2c2</load_address>
         <run_address>0xa2c2</run_address>
         <size>0x100</size>
         <input_file_ref idref="fl-e5"/>
      </object_component>
      <object_component id="oc-57">
         <name>.debug_info</name>
         <load_address>0xa3c2</load_address>
         <run_address>0xa3c2</run_address>
         <size>0x1a4</size>
         <input_file_ref idref="fl-e5"/>
      </object_component>
      <object_component id="oc-d4">
         <name>.debug_info</name>
         <load_address>0xa566</load_address>
         <run_address>0xa566</run_address>
         <size>0x117</size>
         <input_file_ref idref="fl-e6"/>
      </object_component>
      <object_component id="oc-148">
         <name>.debug_info</name>
         <load_address>0xa67d</load_address>
         <run_address>0xa67d</run_address>
         <size>0x547</size>
         <input_file_ref idref="fl-eb"/>
      </object_component>
      <object_component id="oc-e0">
         <name>.debug_info</name>
         <load_address>0xabc4</load_address>
         <run_address>0xabc4</run_address>
         <size>0x19b</size>
         <input_file_ref idref="fl-eb"/>
      </object_component>
      <object_component id="oc-19b">
         <name>.debug_info</name>
         <load_address>0xad5f</load_address>
         <run_address>0xad5f</run_address>
         <size>0x39</size>
         <input_file_ref idref="fl-eb"/>
      </object_component>
      <object_component id="oc-1bf">
         <name>.debug_info</name>
         <load_address>0xad98</load_address>
         <run_address>0xad98</run_address>
         <size>0x39</size>
         <input_file_ref idref="fl-eb"/>
      </object_component>
      <object_component id="oc-1a0">
         <name>.debug_info</name>
         <load_address>0xadd1</load_address>
         <run_address>0xadd1</run_address>
         <size>0x39</size>
         <input_file_ref idref="fl-eb"/>
      </object_component>
      <object_component id="oc-1a5">
         <name>.debug_info</name>
         <load_address>0xae0a</load_address>
         <run_address>0xae0a</run_address>
         <size>0xcd</size>
         <input_file_ref idref="fl-eb"/>
      </object_component>
      <object_component id="oc-93">
         <name>.debug_info</name>
         <load_address>0xaed7</load_address>
         <run_address>0xaed7</run_address>
         <size>0x148</size>
         <input_file_ref idref="fl-ec"/>
      </object_component>
      <object_component id="oc-1f6">
         <name>.debug_info</name>
         <load_address>0xb01f</load_address>
         <run_address>0xb01f</run_address>
         <size>0xc5</size>
      </object_component>
      <object_component id="oc-112">
         <name>.debug_line</name>
         <load_address>0x0</load_address>
         <run_address>0x0</run_address>
         <size>0x50</size>
         <input_file_ref idref="fl-2"/>
      </object_component>
      <object_component id="oc-9c">
         <name>.debug_line</name>
         <load_address>0x50</load_address>
         <run_address>0x50</run_address>
         <size>0xa7</size>
         <input_file_ref idref="fl-2"/>
      </object_component>
      <object_component id="oc-70">
         <name>.debug_line</name>
         <load_address>0xf7</load_address>
         <run_address>0xf7</run_address>
         <size>0x7b</size>
         <input_file_ref idref="fl-2"/>
      </object_component>
      <object_component id="oc-b2">
         <name>.debug_line</name>
         <load_address>0x172</load_address>
         <run_address>0x172</run_address>
         <size>0x20</size>
         <input_file_ref idref="fl-2"/>
      </object_component>
      <object_component id="oc-ad">
         <name>.debug_line</name>
         <load_address>0x192</load_address>
         <run_address>0x192</run_address>
         <size>0x7f</size>
         <input_file_ref idref="fl-2"/>
      </object_component>
      <object_component id="oc-12f">
         <name>.debug_line</name>
         <load_address>0x211</load_address>
         <run_address>0x211</run_address>
         <size>0x7b</size>
         <input_file_ref idref="fl-2"/>
      </object_component>
      <object_component id="oc-75">
         <name>.debug_line</name>
         <load_address>0x28c</load_address>
         <run_address>0x28c</run_address>
         <size>0x7c</size>
         <input_file_ref idref="fl-2"/>
      </object_component>
      <object_component id="oc-6c">
         <name>.debug_line</name>
         <load_address>0x308</load_address>
         <run_address>0x308</run_address>
         <size>0x42</size>
         <input_file_ref idref="fl-3"/>
      </object_component>
      <object_component id="oc-2b">
         <name>.debug_line</name>
         <load_address>0x34a</load_address>
         <run_address>0x34a</run_address>
         <size>0x42</size>
         <input_file_ref idref="fl-3"/>
      </object_component>
      <object_component id="oc-28">
         <name>.debug_line</name>
         <load_address>0x38c</load_address>
         <run_address>0x38c</run_address>
         <size>0xa2</size>
         <input_file_ref idref="fl-3"/>
      </object_component>
      <object_component id="oc-36">
         <name>.debug_line</name>
         <load_address>0x42e</load_address>
         <run_address>0x42e</run_address>
         <size>0x20</size>
         <input_file_ref idref="fl-3"/>
      </object_component>
      <object_component id="oc-120">
         <name>.debug_line</name>
         <load_address>0x44e</load_address>
         <run_address>0x44e</run_address>
         <size>0xd9</size>
         <input_file_ref idref="fl-8"/>
      </object_component>
      <object_component id="oc-18a">
         <name>.debug_line</name>
         <load_address>0x527</load_address>
         <run_address>0x527</run_address>
         <size>0x8a</size>
         <input_file_ref idref="fl-11"/>
      </object_component>
      <object_component id="oc-184">
         <name>.debug_line</name>
         <load_address>0x5b1</load_address>
         <run_address>0x5b1</run_address>
         <size>0x37</size>
         <input_file_ref idref="fl-11"/>
      </object_component>
      <object_component id="oc-186">
         <name>.debug_line</name>
         <load_address>0x5e8</load_address>
         <run_address>0x5e8</run_address>
         <size>0x37</size>
         <input_file_ref idref="fl-11"/>
      </object_component>
      <object_component id="oc-188">
         <name>.debug_line</name>
         <load_address>0x61f</load_address>
         <run_address>0x61f</run_address>
         <size>0x37</size>
         <input_file_ref idref="fl-11"/>
      </object_component>
      <object_component id="oc-cf">
         <name>.debug_line</name>
         <load_address>0x656</load_address>
         <run_address>0x656</run_address>
         <size>0x632</size>
         <input_file_ref idref="fl-11"/>
      </object_component>
      <object_component id="oc-1bb">
         <name>.debug_line</name>
         <load_address>0xc88</load_address>
         <run_address>0xc88</run_address>
         <size>0x84</size>
         <input_file_ref idref="fl-14"/>
      </object_component>
      <object_component id="oc-1af">
         <name>.debug_line</name>
         <load_address>0xd0c</load_address>
         <run_address>0xd0c</run_address>
         <size>0x3c</size>
         <input_file_ref idref="fl-14"/>
      </object_component>
      <object_component id="oc-1b1">
         <name>.debug_line</name>
         <load_address>0xd48</load_address>
         <run_address>0xd48</run_address>
         <size>0x3c</size>
         <input_file_ref idref="fl-14"/>
      </object_component>
      <object_component id="oc-1b3">
         <name>.debug_line</name>
         <load_address>0xd84</load_address>
         <run_address>0xd84</run_address>
         <size>0x3c</size>
         <input_file_ref idref="fl-14"/>
      </object_component>
      <object_component id="oc-1b5">
         <name>.debug_line</name>
         <load_address>0xdc0</load_address>
         <run_address>0xdc0</run_address>
         <size>0x3c</size>
         <input_file_ref idref="fl-14"/>
      </object_component>
      <object_component id="oc-1b7">
         <name>.debug_line</name>
         <load_address>0xdfc</load_address>
         <run_address>0xdfc</run_address>
         <size>0x3c</size>
         <input_file_ref idref="fl-14"/>
      </object_component>
      <object_component id="oc-1b9">
         <name>.debug_line</name>
         <load_address>0xe38</load_address>
         <run_address>0xe38</run_address>
         <size>0x3c</size>
         <input_file_ref idref="fl-14"/>
      </object_component>
      <object_component id="oc-1ad">
         <name>.debug_line</name>
         <load_address>0xe74</load_address>
         <run_address>0xe74</run_address>
         <size>0x3c</size>
         <input_file_ref idref="fl-14"/>
      </object_component>
      <object_component id="oc-11a">
         <name>.debug_line</name>
         <load_address>0xeb0</load_address>
         <run_address>0xeb0</run_address>
         <size>0x2ed</size>
         <input_file_ref idref="fl-14"/>
      </object_component>
      <object_component id="oc-17e">
         <name>.debug_line</name>
         <load_address>0x119d</load_address>
         <run_address>0x119d</run_address>
         <size>0x155</size>
         <input_file_ref idref="fl-1d"/>
      </object_component>
      <object_component id="oc-178">
         <name>.debug_line</name>
         <load_address>0x12f2</load_address>
         <run_address>0x12f2</run_address>
         <size>0x39</size>
         <input_file_ref idref="fl-1d"/>
      </object_component>
      <object_component id="oc-17c">
         <name>.debug_line</name>
         <load_address>0x132b</load_address>
         <run_address>0x132b</run_address>
         <size>0x39</size>
         <input_file_ref idref="fl-1d"/>
      </object_component>
      <object_component id="oc-15e">
         <name>.debug_line</name>
         <load_address>0x1364</load_address>
         <run_address>0x1364</run_address>
         <size>0x39</size>
         <input_file_ref idref="fl-1d"/>
      </object_component>
      <object_component id="oc-17a">
         <name>.debug_line</name>
         <load_address>0x139d</load_address>
         <run_address>0x139d</run_address>
         <size>0x39</size>
         <input_file_ref idref="fl-1d"/>
      </object_component>
      <object_component id="oc-c9">
         <name>.debug_line</name>
         <load_address>0x13d6</load_address>
         <run_address>0x13d6</run_address>
         <size>0x9b0</size>
         <input_file_ref idref="fl-1d"/>
      </object_component>
      <object_component id="oc-181">
         <name>.debug_line</name>
         <load_address>0x1d86</load_address>
         <run_address>0x1d86</run_address>
         <size>0x39</size>
         <input_file_ref idref="fl-1d"/>
      </object_component>
      <object_component id="oc-c2">
         <name>.debug_line</name>
         <load_address>0x1dbf</load_address>
         <run_address>0x1dbf</run_address>
         <size>0x9e</size>
         <input_file_ref idref="fl-e2"/>
      </object_component>
      <object_component id="oc-45">
         <name>.debug_line</name>
         <load_address>0x1e5d</load_address>
         <run_address>0x1e5d</run_address>
         <size>0x4f</size>
         <input_file_ref idref="fl-e2"/>
      </object_component>
      <object_component id="oc-89">
         <name>.debug_line</name>
         <load_address>0x1eac</load_address>
         <run_address>0x1eac</run_address>
         <size>0x34</size>
         <input_file_ref idref="fl-e2"/>
      </object_component>
      <object_component id="oc-bf">
         <name>.debug_line</name>
         <load_address>0x1ee0</load_address>
         <run_address>0x1ee0</run_address>
         <size>0x8a</size>
         <input_file_ref idref="fl-e2"/>
      </object_component>
      <object_component id="oc-69">
         <name>.debug_line</name>
         <load_address>0x1f6a</load_address>
         <run_address>0x1f6a</run_address>
         <size>0x33</size>
         <input_file_ref idref="fl-e5"/>
      </object_component>
      <object_component id="oc-5a">
         <name>.debug_line</name>
         <load_address>0x1f9d</load_address>
         <run_address>0x1f9d</run_address>
         <size>0x56</size>
         <input_file_ref idref="fl-e5"/>
      </object_component>
      <object_component id="oc-d7">
         <name>.debug_line</name>
         <load_address>0x1ff3</load_address>
         <run_address>0x1ff3</run_address>
         <size>0x3c</size>
         <input_file_ref idref="fl-e6"/>
      </object_component>
      <object_component id="oc-19a">
         <name>.debug_line</name>
         <load_address>0x202f</load_address>
         <run_address>0x202f</run_address>
         <size>0xb7</size>
         <input_file_ref idref="fl-eb"/>
      </object_component>
      <object_component id="oc-e3">
         <name>.debug_line</name>
         <load_address>0x20e6</load_address>
         <run_address>0x20e6</run_address>
         <size>0x6c</size>
         <input_file_ref idref="fl-eb"/>
      </object_component>
      <object_component id="oc-19e">
         <name>.debug_line</name>
         <load_address>0x2152</load_address>
         <run_address>0x2152</run_address>
         <size>0x2e</size>
         <input_file_ref idref="fl-eb"/>
      </object_component>
      <object_component id="oc-1c2">
         <name>.debug_line</name>
         <load_address>0x2180</load_address>
         <run_address>0x2180</run_address>
         <size>0x92</size>
         <input_file_ref idref="fl-eb"/>
      </object_component>
      <object_component id="oc-1a3">
         <name>.debug_line</name>
         <load_address>0x2212</load_address>
         <run_address>0x2212</run_address>
         <size>0x8f</size>
         <input_file_ref idref="fl-eb"/>
      </object_component>
      <object_component id="oc-1a8">
         <name>.debug_line</name>
         <load_address>0x22a1</load_address>
         <run_address>0x22a1</run_address>
         <size>0x8b</size>
         <input_file_ref idref="fl-eb"/>
      </object_component>
      <object_component id="oc-96">
         <name>.debug_line</name>
         <load_address>0x232c</load_address>
         <run_address>0x232c</run_address>
         <size>0x40</size>
         <input_file_ref idref="fl-ec"/>
      </object_component>
      <object_component id="oc-9d">
         <name>.debug_frame</name>
         <load_address>0x0</load_address>
         <run_address>0x0</run_address>
         <size>0x60</size>
         <input_file_ref idref="fl-2"/>
      </object_component>
      <object_component id="oc-29">
         <name>.debug_frame</name>
         <load_address>0x60</load_address>
         <run_address>0x60</run_address>
         <size>0x90</size>
         <input_file_ref idref="fl-3"/>
      </object_component>
      <object_component id="oc-121">
         <name>.debug_frame</name>
         <load_address>0xf0</load_address>
         <run_address>0xf0</run_address>
         <size>0xbc</size>
         <input_file_ref idref="fl-8"/>
      </object_component>
      <object_component id="oc-d0">
         <name>.debug_frame</name>
         <load_address>0x1ac</load_address>
         <run_address>0x1ac</run_address>
         <size>0x564</size>
         <input_file_ref idref="fl-11"/>
      </object_component>
      <object_component id="oc-11b">
         <name>.debug_frame</name>
         <load_address>0x710</load_address>
         <run_address>0x710</run_address>
         <size>0x1d4</size>
         <input_file_ref idref="fl-14"/>
      </object_component>
      <object_component id="oc-ca">
         <name>.debug_frame</name>
         <load_address>0x8e4</load_address>
         <run_address>0x8e4</run_address>
         <size>0x5a8</size>
         <input_file_ref idref="fl-1d"/>
      </object_component>
      <object_component id="oc-49">
         <name>.debug_frame</name>
         <load_address>0xe8c</load_address>
         <run_address>0xe8c</run_address>
         <size>0x54</size>
         <input_file_ref idref="fl-e2"/>
      </object_component>
      <object_component id="oc-5b">
         <name>.debug_frame</name>
         <load_address>0xee0</load_address>
         <run_address>0xee0</run_address>
         <size>0x58</size>
         <input_file_ref idref="fl-e5"/>
      </object_component>
      <object_component id="oc-d8">
         <name>.debug_frame</name>
         <load_address>0xf38</load_address>
         <run_address>0xf38</run_address>
         <size>0x54</size>
         <input_file_ref idref="fl-e6"/>
      </object_component>
      <object_component id="oc-e4">
         <name>.debug_frame</name>
         <load_address>0xf8c</load_address>
         <run_address>0xf8c</run_address>
         <size>0x5c</size>
         <input_file_ref idref="fl-eb"/>
      </object_component>
      <object_component id="oc-97">
         <name>.debug_frame</name>
         <load_address>0xfe8</load_address>
         <run_address>0xfe8</run_address>
         <size>0x54</size>
         <input_file_ref idref="fl-ec"/>
      </object_component>
      <object_component id="oc-111">
         <name>.debug_abbrev</name>
         <load_address>0x0</load_address>
         <run_address>0x0</run_address>
         <size>0x8a</size>
         <input_file_ref idref="fl-2"/>
      </object_component>
      <object_component id="oc-d2">
         <name>.debug_abbrev</name>
         <load_address>0x8a</load_address>
         <run_address>0x8a</run_address>
         <size>0x62</size>
         <input_file_ref idref="fl-2"/>
      </object_component>
      <object_component id="oc-6f">
         <name>.debug_abbrev</name>
         <load_address>0xec</load_address>
         <run_address>0xec</run_address>
         <size>0x69</size>
         <input_file_ref idref="fl-2"/>
      </object_component>
      <object_component id="oc-b1">
         <name>.debug_abbrev</name>
         <load_address>0x155</load_address>
         <run_address>0x155</run_address>
         <size>0x1f</size>
         <input_file_ref idref="fl-2"/>
      </object_component>
      <object_component id="oc-ac">
         <name>.debug_abbrev</name>
         <load_address>0x174</load_address>
         <run_address>0x174</run_address>
         <size>0x5c</size>
         <input_file_ref idref="fl-2"/>
      </object_component>
      <object_component id="oc-12e">
         <name>.debug_abbrev</name>
         <load_address>0x1d0</load_address>
         <run_address>0x1d0</run_address>
         <size>0x24</size>
         <input_file_ref idref="fl-2"/>
      </object_component>
      <object_component id="oc-74">
         <name>.debug_abbrev</name>
         <load_address>0x1f4</load_address>
         <run_address>0x1f4</run_address>
         <size>0x24</size>
         <input_file_ref idref="fl-2"/>
      </object_component>
      <object_component id="oc-6b">
         <name>.debug_abbrev</name>
         <load_address>0x218</load_address>
         <run_address>0x218</run_address>
         <size>0x68</size>
         <input_file_ref idref="fl-3"/>
      </object_component>
      <object_component id="oc-2a">
         <name>.debug_abbrev</name>
         <load_address>0x280</load_address>
         <run_address>0x280</run_address>
         <size>0x29</size>
         <input_file_ref idref="fl-3"/>
      </object_component>
      <object_component id="oc-6a">
         <name>.debug_abbrev</name>
         <load_address>0x2a9</load_address>
         <run_address>0x2a9</run_address>
         <size>0xcb</size>
         <input_file_ref idref="fl-3"/>
      </object_component>
      <object_component id="oc-35">
         <name>.debug_abbrev</name>
         <load_address>0x374</load_address>
         <run_address>0x374</run_address>
         <size>0x1f</size>
         <input_file_ref idref="fl-3"/>
      </object_component>
      <object_component id="oc-176">
         <name>.debug_abbrev</name>
         <load_address>0x393</load_address>
         <run_address>0x393</run_address>
         <size>0xca</size>
         <input_file_ref idref="fl-8"/>
      </object_component>
      <object_component id="oc-189">
         <name>.debug_abbrev</name>
         <load_address>0x45d</load_address>
         <run_address>0x45d</run_address>
         <size>0x76</size>
         <input_file_ref idref="fl-11"/>
      </object_component>
      <object_component id="oc-183">
         <name>.debug_abbrev</name>
         <load_address>0x4d3</load_address>
         <run_address>0x4d3</run_address>
         <size>0x27</size>
         <input_file_ref idref="fl-11"/>
      </object_component>
      <object_component id="oc-185">
         <name>.debug_abbrev</name>
         <load_address>0x4fa</load_address>
         <run_address>0x4fa</run_address>
         <size>0x27</size>
         <input_file_ref idref="fl-11"/>
      </object_component>
      <object_component id="oc-187">
         <name>.debug_abbrev</name>
         <load_address>0x521</load_address>
         <run_address>0x521</run_address>
         <size>0x27</size>
         <input_file_ref idref="fl-11"/>
      </object_component>
      <object_component id="oc-13b">
         <name>.debug_abbrev</name>
         <load_address>0x548</load_address>
         <run_address>0x548</run_address>
         <size>0xd6</size>
         <input_file_ref idref="fl-11"/>
      </object_component>
      <object_component id="oc-1ba">
         <name>.debug_abbrev</name>
         <load_address>0x61e</load_address>
         <run_address>0x61e</run_address>
         <size>0x92</size>
         <input_file_ref idref="fl-14"/>
      </object_component>
      <object_component id="oc-1ae">
         <name>.debug_abbrev</name>
         <load_address>0x6b0</load_address>
         <run_address>0x6b0</run_address>
         <size>0x27</size>
         <input_file_ref idref="fl-14"/>
      </object_component>
      <object_component id="oc-1b0">
         <name>.debug_abbrev</name>
         <load_address>0x6d7</load_address>
         <run_address>0x6d7</run_address>
         <size>0x27</size>
         <input_file_ref idref="fl-14"/>
      </object_component>
      <object_component id="oc-1b2">
         <name>.debug_abbrev</name>
         <load_address>0x6fe</load_address>
         <run_address>0x6fe</run_address>
         <size>0x27</size>
         <input_file_ref idref="fl-14"/>
      </object_component>
      <object_component id="oc-1b4">
         <name>.debug_abbrev</name>
         <load_address>0x725</load_address>
         <run_address>0x725</run_address>
         <size>0x27</size>
         <input_file_ref idref="fl-14"/>
      </object_component>
      <object_component id="oc-1b6">
         <name>.debug_abbrev</name>
         <load_address>0x74c</load_address>
         <run_address>0x74c</run_address>
         <size>0x27</size>
         <input_file_ref idref="fl-14"/>
      </object_component>
      <object_component id="oc-1b8">
         <name>.debug_abbrev</name>
         <load_address>0x773</load_address>
         <run_address>0x773</run_address>
         <size>0x27</size>
         <input_file_ref idref="fl-14"/>
      </object_component>
      <object_component id="oc-1ac">
         <name>.debug_abbrev</name>
         <load_address>0x79a</load_address>
         <run_address>0x79a</run_address>
         <size>0x29</size>
         <input_file_ref idref="fl-14"/>
      </object_component>
      <object_component id="oc-174">
         <name>.debug_abbrev</name>
         <load_address>0x7c3</load_address>
         <run_address>0x7c3</run_address>
         <size>0x101</size>
         <input_file_ref idref="fl-14"/>
      </object_component>
      <object_component id="oc-17d">
         <name>.debug_abbrev</name>
         <load_address>0x8c4</load_address>
         <run_address>0x8c4</run_address>
         <size>0xb4</size>
         <input_file_ref idref="fl-1d"/>
      </object_component>
      <object_component id="oc-177">
         <name>.debug_abbrev</name>
         <load_address>0x978</load_address>
         <run_address>0x978</run_address>
         <size>0x27</size>
         <input_file_ref idref="fl-1d"/>
      </object_component>
      <object_component id="oc-17b">
         <name>.debug_abbrev</name>
         <load_address>0x99f</load_address>
         <run_address>0x99f</run_address>
         <size>0x27</size>
         <input_file_ref idref="fl-1d"/>
      </object_component>
      <object_component id="oc-15d">
         <name>.debug_abbrev</name>
         <load_address>0x9c6</load_address>
         <run_address>0x9c6</run_address>
         <size>0x27</size>
         <input_file_ref idref="fl-1d"/>
      </object_component>
      <object_component id="oc-179">
         <name>.debug_abbrev</name>
         <load_address>0x9ed</load_address>
         <run_address>0x9ed</run_address>
         <size>0x27</size>
         <input_file_ref idref="fl-1d"/>
      </object_component>
      <object_component id="oc-12b">
         <name>.debug_abbrev</name>
         <load_address>0xa14</load_address>
         <run_address>0xa14</run_address>
         <size>0x12e</size>
         <input_file_ref idref="fl-1d"/>
      </object_component>
      <object_component id="oc-180">
         <name>.debug_abbrev</name>
         <load_address>0xb42</load_address>
         <run_address>0xb42</run_address>
         <size>0x38</size>
         <input_file_ref idref="fl-1d"/>
      </object_component>
      <object_component id="oc-c1">
         <name>.debug_abbrev</name>
         <load_address>0xb7a</load_address>
         <run_address>0xb7a</run_address>
         <size>0x73</size>
         <input_file_ref idref="fl-e2"/>
      </object_component>
      <object_component id="oc-85">
         <name>.debug_abbrev</name>
         <load_address>0xbed</load_address>
         <run_address>0xbed</run_address>
         <size>0x6f</size>
         <input_file_ref idref="fl-e2"/>
      </object_component>
      <object_component id="oc-88">
         <name>.debug_abbrev</name>
         <load_address>0xc5c</load_address>
         <run_address>0xc5c</run_address>
         <size>0x24</size>
         <input_file_ref idref="fl-e2"/>
      </object_component>
      <object_component id="oc-be">
         <name>.debug_abbrev</name>
         <load_address>0xc80</load_address>
         <run_address>0xc80</run_address>
         <size>0x24</size>
         <input_file_ref idref="fl-e2"/>
      </object_component>
      <object_component id="oc-68">
         <name>.debug_abbrev</name>
         <load_address>0xca4</load_address>
         <run_address>0xca4</run_address>
         <size>0x29</size>
         <input_file_ref idref="fl-e5"/>
      </object_component>
      <object_component id="oc-a1">
         <name>.debug_abbrev</name>
         <load_address>0xccd</load_address>
         <run_address>0xccd</run_address>
         <size>0x61</size>
         <input_file_ref idref="fl-e5"/>
      </object_component>
      <object_component id="oc-13d">
         <name>.debug_abbrev</name>
         <load_address>0xd2e</load_address>
         <run_address>0xd2e</run_address>
         <size>0x45</size>
         <input_file_ref idref="fl-e6"/>
      </object_component>
      <object_component id="oc-199">
         <name>.debug_abbrev</name>
         <load_address>0xd73</load_address>
         <run_address>0xd73</run_address>
         <size>0xdb</size>
         <input_file_ref idref="fl-eb"/>
      </object_component>
      <object_component id="oc-147">
         <name>.debug_abbrev</name>
         <load_address>0xe4e</load_address>
         <run_address>0xe4e</run_address>
         <size>0x7e</size>
         <input_file_ref idref="fl-eb"/>
      </object_component>
      <object_component id="oc-19d">
         <name>.debug_abbrev</name>
         <load_address>0xecc</load_address>
         <run_address>0xecc</run_address>
         <size>0x24</size>
         <input_file_ref idref="fl-eb"/>
      </object_component>
      <object_component id="oc-1c1">
         <name>.debug_abbrev</name>
         <load_address>0xef0</load_address>
         <run_address>0xef0</run_address>
         <size>0x24</size>
         <input_file_ref idref="fl-eb"/>
      </object_component>
      <object_component id="oc-1a2">
         <name>.debug_abbrev</name>
         <load_address>0xf14</load_address>
         <run_address>0xf14</run_address>
         <size>0x24</size>
         <input_file_ref idref="fl-eb"/>
      </object_component>
      <object_component id="oc-1a7">
         <name>.debug_abbrev</name>
         <load_address>0xf38</load_address>
         <run_address>0xf38</run_address>
         <size>0x4b</size>
         <input_file_ref idref="fl-eb"/>
      </object_component>
      <object_component id="oc-c4">
         <name>.debug_abbrev</name>
         <load_address>0xf83</load_address>
         <run_address>0xf83</run_address>
         <size>0x55</size>
         <input_file_ref idref="fl-ec"/>
      </object_component>
      <object_component id="oc-1f7">
         <name>.debug_abbrev</name>
         <load_address>0xfd8</load_address>
         <run_address>0xfd8</run_address>
         <size>0xf</size>
      </object_component>
      <object_component id="oc-71">
         <name>.debug_str</name>
         <load_address>0x0</load_address>
         <run_address>0x0</run_address>
         <size>0x2df</size>
         <input_file_ref idref="fl-2"/>
      </object_component>
      <object_component id="oc-b3">
         <name>.debug_str</name>
         <load_address>0x2df</load_address>
         <run_address>0x2df</run_address>
         <size>0xfc</size>
         <input_file_ref idref="fl-2"/>
      </object_component>
      <object_component id="oc-ae">
         <name>.debug_str</name>
         <load_address>0x3db</load_address>
         <run_address>0x3db</run_address>
         <size>0x36e</size>
         <input_file_ref idref="fl-2"/>
      </object_component>
      <object_component id="oc-130">
         <name>.debug_str</name>
         <load_address>0x749</load_address>
         <run_address>0x749</run_address>
         <size>0x1ea</size>
         <input_file_ref idref="fl-2"/>
      </object_component>
      <object_component id="oc-76">
         <name>.debug_str</name>
         <load_address>0x933</load_address>
         <run_address>0x933</run_address>
         <size>0x177</size>
         <input_file_ref idref="fl-2"/>
      </object_component>
      <object_component id="oc-37">
         <name>.debug_str</name>
         <load_address>0xaaa</load_address>
         <run_address>0xaaa</run_address>
         <size>0xfc</size>
         <input_file_ref idref="fl-3"/>
      </object_component>
      <object_component id="oc-182">
         <name>.debug_str</name>
         <load_address>0xba6</load_address>
         <run_address>0xba6</run_address>
         <size>0xe8</size>
         <input_file_ref idref="fl-1d"/>
      </object_component>
      <object_component id="oc-8a">
         <name>.debug_str</name>
         <load_address>0xc8e</load_address>
         <run_address>0xc8e</run_address>
         <size>0xfa</size>
         <input_file_ref idref="fl-e2"/>
      </object_component>
      <object_component id="oc-c0">
         <name>.debug_str</name>
         <load_address>0xd88</load_address>
         <run_address>0xd88</run_address>
         <size>0x12d</size>
         <input_file_ref idref="fl-e2"/>
      </object_component>
      <object_component id="oc-19f">
         <name>.debug_str</name>
         <load_address>0xeb5</load_address>
         <run_address>0xeb5</run_address>
         <size>0xe2</size>
         <input_file_ref idref="fl-eb"/>
      </object_component>
      <object_component id="oc-1c3">
         <name>.debug_str</name>
         <load_address>0xf97</load_address>
         <run_address>0xf97</run_address>
         <size>0x144</size>
         <input_file_ref idref="fl-eb"/>
      </object_component>
      <object_component id="oc-1a4">
         <name>.debug_str</name>
         <load_address>0x10db</load_address>
         <run_address>0x10db</run_address>
         <size>0x13d</size>
         <input_file_ref idref="fl-eb"/>
      </object_component>
      <object_component id="oc-1a9">
         <name>.debug_str</name>
         <load_address>0x1218</load_address>
         <run_address>0x1218</run_address>
         <size>0x184</size>
         <input_file_ref idref="fl-eb"/>
      </object_component>
      <object_component id="oc-9a">
         <name>.debug_aranges</name>
         <load_address>0x0</load_address>
         <run_address>0x0</run_address>
         <size>0x20</size>
         <input_file_ref idref="fl-2"/>
      </object_component>
      <object_component id="oc-26">
         <name>.debug_aranges</name>
         <load_address>0x20</load_address>
         <run_address>0x20</run_address>
         <size>0x38</size>
         <input_file_ref idref="fl-3"/>
      </object_component>
      <object_component id="oc-11e">
         <name>.debug_aranges</name>
         <load_address>0x58</load_address>
         <run_address>0x58</run_address>
         <size>0x48</size>
         <input_file_ref idref="fl-8"/>
      </object_component>
      <object_component id="oc-cd">
         <name>.debug_aranges</name>
         <load_address>0xa0</load_address>
         <run_address>0xa0</run_address>
         <size>0x1a0</size>
         <input_file_ref idref="fl-11"/>
      </object_component>
      <object_component id="oc-118">
         <name>.debug_aranges</name>
         <load_address>0x240</load_address>
         <run_address>0x240</run_address>
         <size>0xa0</size>
         <input_file_ref idref="fl-14"/>
      </object_component>
      <object_component id="oc-c7">
         <name>.debug_aranges</name>
         <load_address>0x2e0</load_address>
         <run_address>0x2e0</run_address>
         <size>0x1e0</size>
         <input_file_ref idref="fl-1d"/>
      </object_component>
      <object_component id="oc-47">
         <name>.debug_aranges</name>
         <load_address>0x4c0</load_address>
         <run_address>0x4c0</run_address>
         <size>0x20</size>
         <input_file_ref idref="fl-e2"/>
      </object_component>
      <object_component id="oc-58">
         <name>.debug_aranges</name>
         <load_address>0x4e0</load_address>
         <run_address>0x4e0</run_address>
         <size>0x20</size>
         <input_file_ref idref="fl-e5"/>
      </object_component>
      <object_component id="oc-d5">
         <name>.debug_aranges</name>
         <load_address>0x500</load_address>
         <run_address>0x500</run_address>
         <size>0x20</size>
         <input_file_ref idref="fl-e6"/>
      </object_component>
      <object_component id="oc-e1">
         <name>.debug_aranges</name>
         <load_address>0x520</load_address>
         <run_address>0x520</run_address>
         <size>0x20</size>
         <input_file_ref idref="fl-eb"/>
      </object_component>
      <object_component id="oc-94">
         <name>.debug_aranges</name>
         <load_address>0x540</load_address>
         <run_address>0x540</run_address>
         <size>0x20</size>
         <input_file_ref idref="fl-ec"/>
      </object_component>
      <object_component id="oc-9b">
         <name>.debug_pubnames</name>
         <load_address>0x0</load_address>
         <run_address>0x0</run_address>
         <size>0x1b</size>
         <input_file_ref idref="fl-2"/>
      </object_component>
      <object_component id="oc-11">
         <name>.debug_pubnames</name>
         <load_address>0x1b</load_address>
         <run_address>0x1b</run_address>
         <size>0x23</size>
         <input_file_ref idref="fl-3"/>
      </object_component>
      <object_component id="oc-27">
         <name>.debug_pubnames</name>
         <load_address>0x3e</load_address>
         <run_address>0x3e</run_address>
         <size>0x4c</size>
         <input_file_ref idref="fl-3"/>
      </object_component>
      <object_component id="oc-11f">
         <name>.debug_pubnames</name>
         <load_address>0x8a</load_address>
         <run_address>0x8a</run_address>
         <size>0x6a</size>
         <input_file_ref idref="fl-8"/>
      </object_component>
      <object_component id="oc-134">
         <name>.debug_pubnames</name>
         <load_address>0xf4</load_address>
         <run_address>0xf4</run_address>
         <size>0x31</size>
         <input_file_ref idref="fl-11"/>
      </object_component>
      <object_component id="oc-137">
         <name>.debug_pubnames</name>
         <load_address>0x125</load_address>
         <run_address>0x125</run_address>
         <size>0x32</size>
         <input_file_ref idref="fl-11"/>
      </object_component>
      <object_component id="oc-13a">
         <name>.debug_pubnames</name>
         <load_address>0x157</load_address>
         <run_address>0x157</run_address>
         <size>0x2b</size>
         <input_file_ref idref="fl-11"/>
      </object_component>
      <object_component id="oc-ce">
         <name>.debug_pubnames</name>
         <load_address>0x182</load_address>
         <run_address>0x182</run_address>
         <size>0x44c</size>
         <input_file_ref idref="fl-11"/>
      </object_component>
      <object_component id="oc-164">
         <name>.debug_pubnames</name>
         <load_address>0x5ce</load_address>
         <run_address>0x5ce</run_address>
         <size>0x26</size>
         <input_file_ref idref="fl-14"/>
      </object_component>
      <object_component id="oc-167">
         <name>.debug_pubnames</name>
         <load_address>0x5f4</load_address>
         <run_address>0x5f4</run_address>
         <size>0x22</size>
         <input_file_ref idref="fl-14"/>
      </object_component>
      <object_component id="oc-16a">
         <name>.debug_pubnames</name>
         <load_address>0x616</load_address>
         <run_address>0x616</run_address>
         <size>0x24</size>
         <input_file_ref idref="fl-14"/>
      </object_component>
      <object_component id="oc-16d">
         <name>.debug_pubnames</name>
         <load_address>0x63a</load_address>
         <run_address>0x63a</run_address>
         <size>0x27</size>
         <input_file_ref idref="fl-14"/>
      </object_component>
      <object_component id="oc-170">
         <name>.debug_pubnames</name>
         <load_address>0x661</load_address>
         <run_address>0x661</run_address>
         <size>0x26</size>
         <input_file_ref idref="fl-14"/>
      </object_component>
      <object_component id="oc-173">
         <name>.debug_pubnames</name>
         <load_address>0x687</load_address>
         <run_address>0x687</run_address>
         <size>0x28</size>
         <input_file_ref idref="fl-14"/>
      </object_component>
      <object_component id="oc-161">
         <name>.debug_pubnames</name>
         <load_address>0x6af</load_address>
         <run_address>0x6af</run_address>
         <size>0x26</size>
         <input_file_ref idref="fl-14"/>
      </object_component>
      <object_component id="oc-119">
         <name>.debug_pubnames</name>
         <load_address>0x6d5</load_address>
         <run_address>0x6d5</run_address>
         <size>0x15b</size>
         <input_file_ref idref="fl-14"/>
      </object_component>
      <object_component id="oc-124">
         <name>.debug_pubnames</name>
         <load_address>0x830</load_address>
         <run_address>0x830</run_address>
         <size>0x23</size>
         <input_file_ref idref="fl-1d"/>
      </object_component>
      <object_component id="oc-12a">
         <name>.debug_pubnames</name>
         <load_address>0x853</load_address>
         <run_address>0x853</run_address>
         <size>0x29</size>
         <input_file_ref idref="fl-1d"/>
      </object_component>
      <object_component id="oc-115">
         <name>.debug_pubnames</name>
         <load_address>0x87c</load_address>
         <run_address>0x87c</run_address>
         <size>0x26</size>
         <input_file_ref idref="fl-1d"/>
      </object_component>
      <object_component id="oc-127">
         <name>.debug_pubnames</name>
         <load_address>0x8a2</load_address>
         <run_address>0x8a2</run_address>
         <size>0x2c</size>
         <input_file_ref idref="fl-1d"/>
      </object_component>
      <object_component id="oc-c8">
         <name>.debug_pubnames</name>
         <load_address>0x8ce</load_address>
         <run_address>0x8ce</run_address>
         <size>0x59a</size>
         <input_file_ref idref="fl-1d"/>
      </object_component>
      <object_component id="oc-48">
         <name>.debug_pubnames</name>
         <load_address>0xe68</load_address>
         <run_address>0xe68</run_address>
         <size>0x2e</size>
         <input_file_ref idref="fl-e2"/>
      </object_component>
      <object_component id="oc-23">
         <name>.debug_pubnames</name>
         <load_address>0xe96</load_address>
         <run_address>0xe96</run_address>
         <size>0x1e</size>
         <input_file_ref idref="fl-e5"/>
      </object_component>
      <object_component id="oc-59">
         <name>.debug_pubnames</name>
         <load_address>0xeb4</load_address>
         <run_address>0xeb4</run_address>
         <size>0x26</size>
         <input_file_ref idref="fl-e5"/>
      </object_component>
      <object_component id="oc-d6">
         <name>.debug_pubnames</name>
         <load_address>0xeda</load_address>
         <run_address>0xeda</run_address>
         <size>0x1c</size>
         <input_file_ref idref="fl-e6"/>
      </object_component>
      <object_component id="oc-e2">
         <name>.debug_pubnames</name>
         <load_address>0xef6</load_address>
         <run_address>0xef6</run_address>
         <size>0x35</size>
         <input_file_ref idref="fl-eb"/>
      </object_component>
      <object_component id="oc-95">
         <name>.debug_pubnames</name>
         <load_address>0xf2b</load_address>
         <run_address>0xf2b</run_address>
         <size>0x27</size>
         <input_file_ref idref="fl-ec"/>
      </object_component>
      <object_component id="oc-6e">
         <name>.debug_pubtypes</name>
         <load_address>0x0</load_address>
         <run_address>0x0</run_address>
         <size>0x25c</size>
         <input_file_ref idref="fl-2"/>
      </object_component>
      <object_component id="oc-b0">
         <name>.debug_pubtypes</name>
         <load_address>0x25c</load_address>
         <run_address>0x25c</run_address>
         <size>0xff</size>
         <input_file_ref idref="fl-2"/>
      </object_component>
      <object_component id="oc-ab">
         <name>.debug_pubtypes</name>
         <load_address>0x35b</load_address>
         <run_address>0x35b</run_address>
         <size>0x325</size>
         <input_file_ref idref="fl-2"/>
      </object_component>
      <object_component id="oc-12d">
         <name>.debug_pubtypes</name>
         <load_address>0x680</load_address>
         <run_address>0x680</run_address>
         <size>0x12e</size>
         <input_file_ref idref="fl-2"/>
      </object_component>
      <object_component id="oc-73">
         <name>.debug_pubtypes</name>
         <load_address>0x7ae</load_address>
         <run_address>0x7ae</run_address>
         <size>0xaa</size>
         <input_file_ref idref="fl-2"/>
      </object_component>
      <object_component id="oc-34">
         <name>.debug_pubtypes</name>
         <load_address>0x858</load_address>
         <run_address>0x858</run_address>
         <size>0xed</size>
         <input_file_ref idref="fl-3"/>
      </object_component>
      <object_component id="oc-87">
         <name>.debug_pubtypes</name>
         <load_address>0x945</load_address>
         <run_address>0x945</run_address>
         <size>0x48</size>
         <input_file_ref idref="fl-e2"/>
      </object_component>
      <object_component id="oc-bd">
         <name>.debug_pubtypes</name>
         <load_address>0x98d</load_address>
         <run_address>0x98d</run_address>
         <size>0x1d</size>
         <input_file_ref idref="fl-e2"/>
      </object_component>
      <object_component id="oc-19c">
         <name>.debug_pubtypes</name>
         <load_address>0x9aa</load_address>
         <run_address>0x9aa</run_address>
         <size>0x32</size>
         <input_file_ref idref="fl-eb"/>
      </object_component>
      <object_component id="oc-1c0">
         <name>.debug_pubtypes</name>
         <load_address>0x9dc</load_address>
         <run_address>0x9dc</run_address>
         <size>0x30</size>
         <input_file_ref idref="fl-eb"/>
      </object_component>
      <object_component id="oc-1a1">
         <name>.debug_pubtypes</name>
         <load_address>0xa0c</load_address>
         <run_address>0xa0c</run_address>
         <size>0x2c</size>
         <input_file_ref idref="fl-eb"/>
      </object_component>
      <object_component id="oc-1a6">
         <name>.debug_pubtypes</name>
         <load_address>0xa38</load_address>
         <run_address>0xa38</run_address>
         <size>0x50</size>
         <input_file_ref idref="fl-eb"/>
      </object_component>
   </object_component_list>
   <logical_group_list>
      <logical_group id="lg-3" display="no" color="cyan">
         <name>.intvecs</name>
         <load_address>0x0</load_address>
         <run_address>0x0</run_address>
         <size>0x208</size>
         <contents>
            <object_component_ref idref="oc-f"/>
         </contents>
      </logical_group>
      <logical_group id="lg-4" display="no" color="cyan">
         <name>.text</name>
         <load_address>0x208</load_address>
         <run_address>0x208</run_address>
         <size>0x2140</size>
         <contents>
            <object_component_ref idref="oc-c5"/>
            <object_component_ref idref="oc-cb"/>
            <object_component_ref idref="oc-116"/>
            <object_component_ref idref="oc-98"/>
            <object_component_ref idref="oc-df"/>
            <object_component_ref idref="oc-11c"/>
            <object_component_ref idref="oc-56"/>
            <object_component_ref idref="oc-44"/>
            <object_component_ref idref="oc-24"/>
            <object_component_ref idref="oc-d1"/>
            <object_component_ref idref="oc-92"/>
            <object_component_ref idref="oc-d3"/>
         </contents>
      </logical_group>
      <logical_group id="lg-5" display="no" color="cyan">
         <name>.const</name>
         <load_address>0x2348</load_address>
         <run_address>0x2348</run_address>
         <size>0x588</size>
         <contents>
            <object_component_ref idref="oc-128"/>
            <object_component_ref idref="oc-135"/>
            <object_component_ref idref="oc-132"/>
            <object_component_ref idref="oc-165"/>
            <object_component_ref idref="oc-138"/>
            <object_component_ref idref="oc-122"/>
            <object_component_ref idref="oc-113"/>
            <object_component_ref idref="oc-162"/>
            <object_component_ref idref="oc-16b"/>
            <object_component_ref idref="oc-168"/>
            <object_component_ref idref="oc-16e"/>
            <object_component_ref idref="oc-171"/>
            <object_component_ref idref="oc-125"/>
         </contents>
      </logical_group>
      <logical_group id="lg-6" display="no" color="cyan">
         <name>.cinit</name>
         <load_address>0x28d0</load_address>
         <run_address>0x28d0</run_address>
         <size>0x14</size>
         <contents>
            <object_component_ref idref="oc-1f4"/>
            <object_component_ref idref="oc-1f2"/>
            <object_component_ref idref="oc-1f3"/>
         </contents>
      </logical_group>
      <logical_group id="lg-7" display="no" color="cyan">
         <name>.pinit</name>
         <run_address>0x0</run_address>
         <size>0x0</size>
         <contents>
         </contents>
      </logical_group>
      <logical_group id="lg-8" display="no" color="cyan">
         <name>.init_array</name>
         <run_address>0x0</run_address>
         <size>0x0</size>
         <contents>
         </contents>
      </logical_group>
      <logical_group id="lg-9" display="no" color="cyan">
         <name>.vtable</name>
         <run_address>0x20000000</run_address>
         <size>0x26c</size>
         <contents>
            <object_component_ref idref="oc-15f"/>
         </contents>
      </logical_group>
      <logical_group id="lg-a" display="no" color="cyan">
         <name>.data</name>
         <run_address>0x0</run_address>
         <size>0x0</size>
         <contents>
         </contents>
      </logical_group>
      <logical_group id="lg-b" display="no" color="cyan">
         <name>.bss</name>
         <run_address>0x0</run_address>
         <size>0x0</size>
         <contents>
         </contents>
      </logical_group>
      <logical_group id="lg-c" display="no" color="cyan">
         <name>.sysmem</name>
         <run_address>0x0</run_address>
         <size>0x0</size>
         <contents>
         </contents>
      </logical_group>
      <logical_group id="lg-d" display="no" color="cyan">
         <name>.stack</name>
         <run_address>0x20000270</run_address>
         <size>0x200</size>
         <contents>
            <object_component_ref idref="oc-21"/>
            <object_component_ref idref="oc-1f5"/>
         </contents>
      </logical_group>
      <logical_group id="lg-1cb" display="no" color="cyan">
         <name>.TI.noinit</name>
         <run_address>0x0</run_address>
         <size>0x0</size>
         <contents>
         </contents>
      </logical_group>
      <logical_group id="lg-1cc" display="no" color="cyan">
         <name>.TI.persistent</name>
         <run_address>0x0</run_address>
         <size>0x0</size>
         <contents>
         </contents>
      </logical_group>
      <logical_group id="lg-1da" display="never" color="cyan">
         <name>.debug_info</name>
         <load_address>0x0</load_address>
         <run_address>0x0</run_address>
         <size>0xb0e4</size>
         <contents>
            <object_component_ref idref="oc-b4"/>
            <object_component_ref idref="oc-99"/>
            <object_component_ref idref="oc-6d"/>
            <object_component_ref idref="oc-af"/>
            <object_component_ref idref="oc-aa"/>
            <object_component_ref idref="oc-12c"/>
            <object_component_ref idref="oc-72"/>
            <object_component_ref idref="oc-2c"/>
            <object_component_ref idref="oc-10"/>
            <object_component_ref idref="oc-25"/>
            <object_component_ref idref="oc-33"/>
            <object_component_ref idref="oc-11d"/>
            <object_component_ref idref="oc-13c"/>
            <object_component_ref idref="oc-133"/>
            <object_component_ref idref="oc-136"/>
            <object_component_ref idref="oc-139"/>
            <object_component_ref idref="oc-cc"/>
            <object_component_ref idref="oc-175"/>
            <object_component_ref idref="oc-163"/>
            <object_component_ref idref="oc-166"/>
            <object_component_ref idref="oc-169"/>
            <object_component_ref idref="oc-16c"/>
            <object_component_ref idref="oc-16f"/>
            <object_component_ref idref="oc-172"/>
            <object_component_ref idref="oc-160"/>
            <object_component_ref idref="oc-117"/>
            <object_component_ref idref="oc-131"/>
            <object_component_ref idref="oc-123"/>
            <object_component_ref idref="oc-129"/>
            <object_component_ref idref="oc-114"/>
            <object_component_ref idref="oc-126"/>
            <object_component_ref idref="oc-c6"/>
            <object_component_ref idref="oc-17f"/>
            <object_component_ref idref="oc-8b"/>
            <object_component_ref idref="oc-46"/>
            <object_component_ref idref="oc-86"/>
            <object_component_ref idref="oc-bc"/>
            <object_component_ref idref="oc-22"/>
            <object_component_ref idref="oc-57"/>
            <object_component_ref idref="oc-d4"/>
            <object_component_ref idref="oc-148"/>
            <object_component_ref idref="oc-e0"/>
[...]
      </symbol>
      <symbol id="sm-150">
         <name>GPIODirModeGet</name>
         <value>0x1243</value>
         <object_component_ref idref="oc-cb"/>
      </symbol>
      <symbol id="sm-151">
         <name>GPIOPinTypeTrace</name>
         <value>0x1b51</value>
         <object_component_ref idref="oc-cb"/>
      </symbol>
      <symbol id="sm-152">
         <name>GPIOPinTypeWakeHigh</name>
         <value>0x1be1</value>
         <object_component_ref idref="oc-cb"/>
      </symbol>
      <symbol id="sm-153">
         <name>GPIOPinTypeWakeLow</name>
         <value>0x1c07</value>
         <object_component_ref idref="oc-cb"/>
      </symbol>
      <symbol id="sm-154">
         <name>GPIOIntEnable</name>
         <value>0x1755</value>
         <object_component_ref idref="oc-cb"/>
      </symbol>
      <symbol id="sm-155">
         <name>GPIOPinTypeI2C</name>
         <value>0x1a31</value>
         <object_component_ref idref="oc-cb"/>
      </symbol>
      <symbol id="sm-156">
         <name>GPIOPinTypeUSBDigital</name>
         <value>0x1bbd</value>
         <object_component_ref idref="oc-cb"/>
      </symbol>
      <symbol id="sm-157">
         <name>GPIOIntTypeSet</name>
         <value>0x128f</value>
         <object_component_ref idref="oc-cb"/>
      </symbol>
      <symbol id="sm-158">
         <name>GPIOPinTypeADC</name>
         <value>0x1881</value>
         <object_component_ref idref="oc-cb"/>
      </symbol>
      <symbol id="sm-159">
         <name>GPIODMATriggerDisable</name>
         <value>0x1cb9</value>
         <object_component_ref idref="oc-cb"/>
      </symbol>
      <symbol id="sm-15a">
         <name>GPIOPinTypeGPIOInput</name>
         <value>0x19a1</value>
         <object_component_ref idref="oc-cb"/>
      </symbol>
      <symbol id="sm-15b">
         <name>GPIOIntUnregisterPin</name>
         <value>0x1825</value>
         <object_component_ref idref="oc-cb"/>
      </symbol>
      <symbol id="sm-15c">
         <name>GPIOIntUnregister</name>
         <value>0x17dd</value>
         <object_component_ref idref="oc-cb"/>
      </symbol>
      <symbol id="sm-15d">
         <name>GPIOPinTypeComparator</name>
         <value>0x18c9</value>
         <object_component_ref idref="oc-cb"/>
      </symbol>
      <symbol id="sm-15e">
         <name>GPIOPinTypeComparatorOutput</name>
         <value>0x18ed</value>
         <object_component_ref idref="oc-cb"/>
      </symbol>
      <symbol id="sm-15f">
         <name>GPIOPadConfigGet</name>
         <value>0x1603</value>
         <object_component_ref idref="oc-cb"/>
      </symbol>
      <symbol id="sm-160">
         <name>GPIOPinTypeOneWire</name>
         <value>0x1a9d</value>
         <object_component_ref idref="oc-cb"/>
      </symbol>
      <symbol id="sm-161">
         <name>GPIOIntClear</name>
         <value>0x17ab</value>
         <object_component_ref idref="oc-cb"/>
      </symbol>
      <symbol id="sm-162">
         <name>GPIOADCTriggerEnable</name>
         <value>0x1cd7</value>
         <object_component_ref idref="oc-cb"/>
      </symbol>
      <symbol id="sm-163">
         <name>GPIOADCTriggerDisable</name>
         <value>0x1cf5</value>
         <object_component_ref idref="oc-cb"/>
      </symbol>
      <symbol id="sm-164">
         <name>GPIOPinTypeUART</name>
         <value>0x1b75</value>
         <object_component_ref idref="oc-cb"/>
      </symbol>
      <symbol id="sm-165">
         <name>GPIOIntRegisterPin</name>
         <value>0x17f7</value>
         <object_component_ref idref="oc-cb"/>
      </symbol>
      <symbol id="sm-166">
         <name>GPIOIntStatus</name>
         <value>0x1789</value>
         <object_component_ref idref="oc-cb"/>
      </symbol>
      <symbol id="sm-167">
         <name>GPIOPinTypeDIVSCLK</name>
         <value>0x1911</value>
         <object_component_ref idref="oc-cb"/>
      </symbol>
      <symbol id="sm-168">
         <name>GPIOPinTypeGPIOOutput</name>
         <value>0x19c5</value>
         <object_component_ref idref="oc-cb"/>
      </symbol>
      <symbol id="sm-169">
         <name>GPIOIntTypeGet</name>
         <value>0x1333</value>
         <object_component_ref idref="oc-cb"/>
      </symbol>
      <symbol id="sm-16a">
         <name>GPIOPinRead</name>
         <value>0x1849</value>
         <object_component_ref idref="oc-cb"/>
      </symbol>
      <symbol id="sm-16b">
         <name>GPIODirModeSet</name>
         <value>0x11e7</value>
         <object_component_ref idref="oc-cb"/>
      </symbol>
      <symbol id="sm-16c">
         <name>GPIOPinTypeQEI</name>
         <value>0x1ae5</value>
         <object_component_ref idref="oc-cb"/>
      </symbol>
      <symbol id="sm-16d">
         <name>GPIOPinTypeHibernateRTCCLK</name>
         <value>0x1a0d</value>
         <object_component_ref idref="oc-cb"/>
      </symbol>
      <symbol id="sm-16e">
         <name>GPIODMATriggerEnable</name>
         <value>0x1c9b</value>
         <object_component_ref idref="oc-cb"/>
      </symbol>
      <symbol id="sm-16f">
         <name>GPIOPinTypeEthernetMII</name>
         <value>0x197d</value>
         <object_component_ref idref="oc-cb"/>
      </symbol>
      <symbol id="sm-170">
         <name>GPIOPinWrite</name>
         <value>0x1861</value>
         <object_component_ref idref="oc-cb"/>
      </symbol>
      <symbol id="sm-171">
         <name>GPIOPadConfigSet</name>
         <value>0x13c9</value>
         <object_component_ref idref="oc-cb"/>
      </symbol>
      <symbol id="sm-172">
         <name>GPIOPinTypeLCD</name>
         <value>0x1a79</value>
         <object_component_ref idref="oc-cb"/>
      </symbol>
      <symbol id="sm-173">
         <name>GPIOPinTypeSSI</name>
         <value>0x1b09</value>
         <object_component_ref idref="oc-cb"/>
      </symbol>
      <symbol id="sm-174">
         <name>GPIOPinTypeTimer</name>
         <value>0x1b2d</value>
         <object_component_ref idref="oc-cb"/>
      </symbol>
      <symbol id="sm-175">
         <name>GPIOPinTypeCAN</name>
         <value>0x18a5</value>
         <object_component_ref idref="oc-cb"/>
      </symbol>
      <symbol id="sm-176">
         <name>GPIOPinTypeEPI</name>
         <value>0x1935</value>
         <object_component_ref idref="oc-cb"/>
      </symbol>
      <symbol id="sm-177">
         <name>GPIOPinTypeEthernetLED</name>
         <value>0x1959</value>
         <object_component_ref idref="oc-cb"/>
      </symbol>
      <symbol id="sm-178">
         <name>GPIOPinWakeStatus</name>
         <value>0x1c2d</value>
         <object_component_ref idref="oc-cb"/>
      </symbol>
      <symbol id="sm-1f7">
         <name>IntPendClear</name>
         <value>0x2045</value>
         <object_component_ref idref="oc-116"/>
      </symbol>
      <symbol id="sm-1f8">
         <name>IntPriorityGroupingGet</name>
         <value>0x1dbf</value>
         <object_component_ref idref="oc-116"/>
      </symbol>
      <symbol id="sm-1f9">
         <name>IntPrioritySet</name>
         <value>0x1df7</value>
         <object_component_ref idref="oc-116"/>
      </symbol>
      <symbol id="sm-1fa">
         <name>IntIsEnabled</name>
         <value>0x1f4f</value>
         <object_component_ref idref="oc-116"/>
      </symbol>
      <symbol id="sm-1fb">
         <name>IntEnable</name>
         <value>0x1e6b</value>
         <object_component_ref idref="oc-116"/>
      </symbol>
      <symbol id="sm-1fc">
         <name>IntTrigger</name>
         <value>0x20a7</value>
         <object_component_ref idref="oc-116"/>
      </symbol>
      <symbol id="sm-1fd">
         <name>IntPriorityMaskSet</name>
         <value>0x2093</value>
         <object_component_ref idref="oc-116"/>
      </symbol>
      <symbol id="sm-1fe">
         <name>IntPriorityGroupingSet</name>
         <value>0x1da5</value>
         <object_component_ref idref="oc-116"/>
      </symbol>
      <symbol id="sm-1ff">
         <name>IntDisable</name>
         <value>0x1edd</value>
         <object_component_ref idref="oc-116"/>
      </symbol>
      <symbol id="sm-200">
         <name>IntRegister</name>
         <value>0x1d3f</value>
         <object_component_ref idref="oc-116"/>
      </symbol>
      <symbol id="sm-201">
         <name>IntPriorityGet</name>
         <value>0x1e47</value>
         <object_component_ref idref="oc-116"/>
      </symbol>
      <symbol id="sm-202">
         <name>IntMasterDisable</name>
         <value>0x1d2f</value>
         <object_component_ref idref="oc-116"/>
      </symbol>
      <symbol id="sm-203">
         <name>IntUnregister</name>
         <value>0x1d91</value>
         <object_component_ref idref="oc-116"/>
      </symbol>
      <symbol id="sm-204">
         <name>IntPriorityMaskGet</name>
         <value>0x209f</value>
         <object_component_ref idref="oc-116"/>
      </symbol>
      <symbol id="sm-205">
         <name>g_pfnRAMVectors</name>
         <value>0x20000000</value>
         <object_component_ref idref="oc-15f"/>
      </symbol>
      <symbol id="sm-206">
         <name>IntMasterEnable</name>
         <value>0x1d1f</value>
         <object_component_ref idref="oc-116"/>
      </symbol>
      <symbol id="sm-207">
         <name>IntPendSet</name>
         <value>0x1fd5</value>
         <object_component_ref idref="oc-116"/>
      </symbol>
      <symbol id="sm-350">
         <name>SysCtlGPIOAHBEnable</name>
         <value>0xfb3</value>
         <object_component_ref idref="oc-c5"/>
      </symbol>
      <symbol id="sm-351">
         <name>SysCtlIntRegister</name>
         <value>0x691</value>
         <object_component_ref idref="oc-c5"/>
      </symbol>
      <symbol id="sm-352">
         <name>SysCtlFlashSizeGet</name>
         <value>0x2d3</value>
         <object_component_ref idref="oc-c5"/>
      </symbol>
      <symbol id="sm-353">
         <name>SysCtlPeripheralDeepSleepEnable</name>
         <value>0x5a5</value>
         <object_component_ref idref="oc-c5"/>
      </symbol>
      <symbol id="sm-354">
         <name>SysCtlLDODeepSleepGet</name>
         <value>0x737</value>
         <object_component_ref idref="oc-c5"/>
      </symbol>
      <symbol id="sm-355">
         <name>SysCtlFlashSectorSizeGet</name>
         <value>0x2ff</value>
         <object_component_ref idref="oc-c5"/>
      </symbol>
      <symbol id="sm-356">
         <name>SysCtlIntDisable</name>
         <value>0x6cd</value>
         <object_component_ref idref="oc-c5"/>
      </symbol>
      <symbol id="sm-357">
         <name>SysCtlResetBehaviorGet</name>
         <value>0x81d</value>
         <object_component_ref idref="oc-c5"/>
      </symbol>
      <symbol id="sm-358">
         <name>SysCtlPeripheralPresent</name>
         <value>0x325</value>
         <object_component_ref idref="oc-c5"/>
      </symbol>
      <symbol id="sm-359">
         <name>SysCtlDeepSleepClockSet</name>
         <value>0xedb</value>
         <object_component_ref idref="oc-c5"/>
      </symbol>
      <symbol id="sm-35a">
         <name>SysCtlClockSet</name>
         <value>0xb65</value>
         <object_component_ref idref="oc-c5"/>
      </symbol>
      <symbol id="sm-35b">
         <name>SysCtlAltClkConfig</name>
         <value>0x1145</value>
         <object_component_ref idref="oc-c5"/>
      </symbol>
      <symbol id="sm-35c">
         <name>SysCtlPeripheralClockGating</name>
         <value>0x63d</value>
         <object_component_ref idref="oc-c5"/>
      </symbol>
      <symbol id="sm-35d">
         <name>SysCtlIntStatus</name>
         <value>0x6f5</value>
         <object_component_ref idref="oc-c5"/>
      </symbol>
      <symbol id="sm-35e">
         <name>SysCtlIntClear</name>
         <value>0x6e5</value>
         <object_component_ref idref="oc-c5"/>
      </symbol>
      <symbol id="sm-35f">
         <name>SysCtlVoltageEventStatus</name>
         <value>0x1019</value>
         <object_component_ref idref="oc-c5"/>
      </symbol>
      <symbol id="sm-360">
         <name>SysCtlVoltageEventConfig</name>
         <value>0x1009</value>
         <object_component_ref idref="oc-c5"/>
      </symbol>
      <symbol id="sm-361">
         <name>SysCtlResetCauseGet</name>
         <value>0x78d</value>
         <object_component_ref idref="oc-c5"/>
      </symbol>
      <symbol id="sm-362">
         <name>SysCtlSleep</name>
         <value>0x769</value>
         <object_component_ref idref="oc-c5"/>
      </symbol>
      <symbol id="sm-363">
         <name>SysCtlPWMClockGet</name>
         <value>0xf9d</value>
         <object_component_ref idref="oc-c5"/>
      </symbol>
      <symbol id="sm-364">
         <name>SysCtlDeepSleepPowerSet</name>
         <value>0x751</value>
         <object_component_ref idref="oc-c5"/>
      </symbol>
      <symbol id="sm-365">
         <name>SysCtlClockOutConfig</name>
         <value>0x1129</value>
         <object_component_ref idref="oc-c5"/>
      </symbol>
      <symbol id="sm-366">
         <name>SysCtlNMIStatus</name>
         <value>0x10f9</value>
         <object_component_ref idref="oc-c5"/>
      </symbol>
      <symbol id="sm-367">
         <name>SysCtlDeepSleepClockConfigSet</name>
         <value>0xef9</value>
         <object_component_ref idref="oc-c5"/>
      </symbol>
      <symbol id="sm-368">
         <name>SysCtlDelay</name>
         <value>0x233b</value>
         <object_component_ref idref="oc-d1"/>
      </symbol>
      <symbol id="sm-369">
         <name>SysCtlVoltageEventClear</name>
         <value>0x1025</value>
         <object_component_ref idref="oc-c5"/>
      </symbol>
      <symbol id="sm-36a">
         <name>SysCtlLDOSleepSet</name>
         <value>0x711</value>
         <object_component_ref idref="oc-c5"/>
      </symbol>
      <symbol id="sm-36b">
         <name>SysCtlMOSCConfigSet</name>
         <value>0x7a7</value>
         <object_component_ref idref="oc-c5"/>
      </symbol>
      <symbol id="sm-36c">
         <name>SysCtlPeripheralEnable</name>
         <value>0x4a5</value>
         <object_component_ref idref="oc-c5"/>
      </symbol>
      <symbol id="sm-36d">
         <name>SysCtlIntEnable</name>
         <value>0x6b9</value>
         <object_component_ref idref="oc-c5"/>
      </symbol>
      <symbol id="sm-36e">
         <name>SysCtlNMIClear</name>
         <value>0x110d</value>
         <object_component_ref idref="oc-c5"/>
      </symbol>
      <symbol id="sm-36f">
         <name>SysCtlPeripheralPowerOff</name>
         <value>0x3e1</value>
         <object_component_ref idref="oc-c5"/>
      </symbol>
      <symbol id="sm-370">
         <name>SysCtlSleepPowerSet</name>
         <value>0x73d</value>
         <object_component_ref idref="oc-c5"/>
      </symbol>
      <symbol id="sm-371">
         <name>SysCtlDeepSleep</name>
         <value>0x771</value>
         <object_component_ref idref="oc-c5"/>
      </symbol>
      <symbol id="sm-372">
         <name>SysCtlLDODeepSleepSet</name>
         <value>0x727</value>
         <object_component_ref idref="oc-c5"/>
      </symbol>
      <symbol id="sm-373">
         <name>SysCtlPeripheralPowerOn</name>
         <value>0x3a5</value>
         <object_component_ref idref="oc-c5"/>
      </symbol>
      <symbol id="sm-374">
         <name>SysCtlPeripheralDeepSleepDisable</name>
         <value>0x5f5</value>
         <object_component_ref idref="oc-c5"/>
      </symbol>
      <symbol id="sm-375">
         <name>SysCtlPeripheralSleepDisable</name>
         <value>0x569</value>
         <object_component_ref idref="oc-c5"/>
      </symbol>
      <symbol id="sm-376">
         <name>SysCtlVCOGet</name>
         <value>0x103d</value>
         <object_component_ref idref="oc-c5"/>
      </symbol>
      <symbol id="sm-377">
         <name>SysCtlResetBehaviorSet</name>
         <value>0x80d</value>
         <object_component_ref idref="oc-c5"/>
      </symbol>
      <symbol id="sm-378">
         <name>SysCtlReset</name>
         <value>0x761</value>
         <object_component_ref idref="oc-c5"/>
      </symbol>
      <symbol id="sm-379">
         <name>SysCtlGPIOAHBDisable</name>
         <value>0xfcf</value>
         <object_component_ref idref="oc-c5"/>
      </symbol>
      <symbol id="sm-37a">
         <name>SysCtlSRAMSizeGet</name>
         <value>0x2c9</value>
         <object_component_ref idref="oc-c5"/>
      </symbol>
      <symbol id="sm-37b">
         <name>SysCtlClockGet</name>
         <value>0xd35</value>
         <object_component_ref idref="oc-c5"/>
      </symbol>
      <symbol id="sm-37c">
         <name>SysCtlPeripheralDisable</name>
         <value>0x4e1</value>
         <object_component_ref idref="oc-c5"/>
      </symbol>
      <symbol id="sm-37d">
         <name>SysCtlPWMClockSet</name>
         <value>0xf83</value>
         <object_component_ref idref="oc-c5"/>
      </symbol>
      <symbol id="sm-37e">
         <name>SysCtlUSBPLLEnable</name>
         <value>0xfeb</value>
         <object_component_ref idref="oc-c5"/>
      </symbol>
      <symbol id="sm-37f">
         <name>SysCtlPeripheralSleepEnable</name>
         <value>0x525</value>
         <object_component_ref idref="oc-c5"/>
      </symbol>
      <symbol id="sm-380">
         <name>SysCtlIntUnregister</name>
         <value>0x6a9</value>
         <object_component_ref idref="oc-c5"/>
      </symbol>
      <symbol id="sm-381">
         <name>SysCtlUSBPLLDisable</name>
         <value>0xff7</value>
         <object_component_ref idref="oc-c5"/>
      </symbol>
      <symbol id="sm-382">
         <name>SysCtlPeripheralReady</name>
         <value>0x365</value>
         <object_component_ref idref="oc-c5"/>
      </symbol>
      <symbol id="sm-383">
         <name>SysCtlPIOSCCalibrate</name>
         <value>0x7bd</value>
         <object_component_ref idref="oc-c5"/>
      </symbol>
      <symbol id="sm-384">
         <name>SysCtlResetCauseClear</name>
         <value>0x793</value>
         <object_component_ref idref="oc-c5"/>
      </symbol>
      <symbol id="sm-385">
         <name>SysCtlLDOSleepGet</name>
         <value>0x721</value>
         <object_component_ref idref="oc-c5"/>
      </symbol>
      <symbol id="sm-386">
         <name>SysCtlClockFreqSet</name>
         <value>0x86d</value>
         <object_component_ref idref="oc-c5"/>
      </symbol>
      <symbol id="sm-387">
         <name>SysCtlPeripheralReset</name>
         <value>0x41d</value>
         <object_component_ref idref="oc-c5"/>
      </symbol>
      <symbol id="sm-3a7">
         <name>__TI_zero_init_nomemset</name>
         <value>0x231d</value>
         <object_component_ref idref="oc-44"/>
      </symbol>
      <symbol id="sm-3bc">
         <name>__stack</name>
         <value>0x20000270</value>
         <object_component_ref idref="oc-21"/>
      </symbol>
      <symbol id="sm-3bd">
         <name>_c_int00_noargs</name>
         <value>0x22e5</value>
         <object_component_ref idref="oc-56"/>
      </symbol>
      <symbol id="sm-3c8">
         <name>C$$EXIT</name>
         <value>0x2345</value>
         <object_component_ref idref="oc-d3"/>
      </symbol>
      <symbol id="sm-3c9">
         <name>abort</name>
         <value>0x2345</value>
         <object_component_ref idref="oc-d3"/>
      </symbol>
      <symbol id="sm-3f5">
         <name>__TI_auto_init_nobinit_nopinit</name>
         <value>0x2261</value>
         <object_component_ref idref="oc-df"/>
      </symbol>
      <symbol id="sm-3ff">
         <name>_system_pre_init</name>
         <value>0x2341</value>
         <object_component_ref idref="oc-92"/>
      </symbol>
      <symbol id="sm-401">
         <name>__TI_static_base__</name>
         <value>0x0</value>
      </symbol>
      <symbol id="sm-403">
         <name>__mpu_init</name>
         <value>0x0</value>
      </symbol>
      <symbol id="sm-404">
         <name>_system_post_cinit</name>
         <value>0x0</value>
      </symbol>
   </symbol_table>
   <title>Link successful</title>
</link_info>
